// Jest Snapshot v1, https://goo.gl/fbAQLP

exports[`My Connected React-Redux Component should render with given state from Redux store 1`] = `
<div
  className="App"
>
  <div
    className="Nav-Area"
  >
    <div
      className="sc-fzpjYC iJVkNb nav"
    >
      <div
        className="Logo-Area"
      >
        <img
          alt="tacklemytrade.com"
          height="150px"
          src="tacklemytradelogo.jpg"
        />
      </div>
      <div
        className="sc-fznxsB eyWaoH Link-Area"
      >
        <a
          className="sc-fznJRM dMEeeu link"
          href="/"
        >
           Home 
        </a>
        <a
          className="sc-fznJRM dMEeeu link"
          href="/about-us"
        >
           About Us
        </a>
        <a
          className="sc-fznJRM dMEeeu link"
          href="/howtoguide"
        >
           How To Play 
        </a>
        <a
          className="sc-fznJRM dMEeeu link"
          href="/analytics"
        >
           Analytics 
        </a>
      </div>
      <div
        className="sc-fznxsB eyWaoH Right-Link-Area"
      >
        <a
          className="sc-fznJRM dMEeeu link"
          href="/register"
        >
           Register 
        </a>
        <a
          className="sc-fznJRM dMEeeu link"
          href="/login"
        >
           Login 
        </a>
      </div>
    </div>
  </div>
  <div
    className="sc-fznWqX kJmqqs Main-Area"
  >
    <h2>
       Fantasy Football Trade Analyzer 
    </h2>
    <div>
      <form
        className="ui form"
        onSubmit={[Function]}
      >
        <h3
          className="sc-AxjAm iLOmxz"
        >
           Team 1 
        </h3>
        <div
          className="field"
        >
          <div
            className="ui input"
          >
            <input
              aria-describedby={null}
              name="player0_name"
              onChange={[Function]}
              placeholder="1st player"
              type="text"
              value=""
            />
          </div>
        </div>
        <h3
          className="sc-AxjAm iLOmxz"
        >
           Team 2 
        </h3>
        <div
          className="field"
        >
          <div
            className="ui input"
          >
            <input
              aria-describedby={null}
              name="player1_name"
              onChange={[Function]}
              placeholder="2nd player"
              type="text"
              value=""
            />
          </div>
        </div>
        <h3
          className="sc-AxjAm iLOmxz"
        >
           Week 
        </h3>
        <div
          className="field"
        >
          <div
            className="ui input"
          >
            <input
              aria-describedby={null}
              name="week"
              onChange={[Function]}
              placeholder="week number"
              type="number"
              value=""
            />
          </div>
        </div>
        <div
          className="sc-AxirZ hCOwQG ButtonDiv"
        >
          <div
            className="field"
          >
            <button
              aria-describedby={null}
              className="ui button"
              onClick={[Function]}
              type="submit"
            >
              Submit
            </button>
          </div>
        </div>
      </form>
    </div>
    <div />
  </div>
  <div
    className="Foot-Area"
  />
  <div
    className="sc-fzqNJr iavbLC Footer"
  >
    <div
      className="sc-fzoyAV hFgxSs styling"
    >
      <div
        className="Link-Area"
      >
        <div
          className="sc-fzoLag jZJZET Copyright-Info"
        >
          <h5>
            Copyright Â© 2020. All Rights Reserved, built by Students at 
            <a
              className="sc-fzoXzr fYeqnm"
              href="https://lambdaschool.com/"
            >
              Lambda School 
            </a>
             
          </h5>
        </div>
      </div>
    </div>
  </div>
</div>
`;
