// Jest Snapshot v1, https://goo.gl/fbAQLP

exports[`Testing jobs should pass a snapshot test correctly 1`] = `undefined`;
