// Jest Snapshot v1, https://goo.gl/fbAQLP

exports[`Testing locations should pass a snapshot test correctly 1`] = `undefined`;
