// Jest Snapshot v1, https://goo.gl/fbAQLP

exports[`checking axiosWithAuth should pass snapshot testing 1`] = `undefined`;
