// Jest Snapshot v1, https://goo.gl/fbAQLP

exports[`<ProfileModalContainer /> Render <ProfileModalContainer /> Find AddAvatarContainer 1`] = `ShallowWrapper {}`;
