// Jest Snapshot v1, https://goo.gl/fbAQLP

exports[`UserContextAPI should record the pass snapshot testing 1`] = `undefined`;
