// Jest Snapshot v1, https://goo.gl/fbAQLP

exports[`<App /> Component should match the snapshot testing 1`] = `<App />`;
