// Jest Snapshot v1, https://goo.gl/fbAQLP

exports[`<Routes /> should pass snapshot testing 1`] = `
<Route
  render={[Function]}
/>
`;
