// Jest Snapshot v1, https://goo.gl/fbAQLP

exports[`<SwipeTabsJobTitle /> should pass snapshot testing 1`] = `<SwipeTabsJobTitle />`;
