// Jest Snapshot v1, https://goo.gl/fbAQLP

exports[`<ProfileModalContainer /> Render <ProfileModalContainer /> Find AddChildContainer 1`] = `ShallowWrapper {}`;
